------------------------------------------------------------
TimeQuest Timing Analyzer Summary
------------------------------------------------------------

Type  : Slow 1200mV 85C Model Setup 'clk'
Slack : -14.436
TNS   : -6953.133

Type  : Slow 1200mV 85C Model Setup 'VGA:vga|FQDIVIDER:fq1|TEMPORAL'
Slack : -3.553
TNS   : -65.302

Type  : Slow 1200mV 85C Model Setup 'pr_state.communication'
Slack : -2.907
TNS   : -2.907

Type  : Slow 1200mV 85C Model Setup 'MorseCode:RxTx|pr_state.transmiting'
Slack : -2.719
TNS   : -2.719

Type  : Slow 1200mV 85C Model Setup 'MorseCode:RxTx|pr_state.comm_request'
Slack : -1.756
TNS   : -22.099

Type  : Slow 1200mV 85C Model Hold 'clk'
Slack : -1.527
TNS   : -1.759

Type  : Slow 1200mV 85C Model Hold 'MorseCode:RxTx|pr_state.comm_request'
Slack : -0.846
TNS   : -6.624

Type  : Slow 1200mV 85C Model Hold 'VGA:vga|FQDIVIDER:fq1|TEMPORAL'
Slack : 0.346
TNS   : 0.000

Type  : Slow 1200mV 85C Model Hold 'MorseCode:RxTx|pr_state.transmiting'
Slack : 2.447
TNS   : 0.000

Type  : Slow 1200mV 85C Model Hold 'pr_state.communication'
Slack : 2.556
TNS   : 0.000

Type  : Slow 1200mV 85C Model Recovery 'clk'
Slack : -1.862
TNS   : -112.522

Type  : Slow 1200mV 85C Model Recovery 'VGA:vga|FQDIVIDER:fq1|TEMPORAL'
Slack : -0.743
TNS   : -11.449

Type  : Slow 1200mV 85C Model Removal 'VGA:vga|FQDIVIDER:fq1|TEMPORAL'
Slack : 0.827
TNS   : 0.000

Type  : Slow 1200mV 85C Model Removal 'clk'
Slack : 1.635
TNS   : 0.000

Type  : Slow 1200mV 85C Model Minimum Pulse Width 'clk'
Slack : -3.000
TNS   : -1267.480

Type  : Slow 1200mV 85C Model Minimum Pulse Width 'VGA:vga|FQDIVIDER:fq1|TEMPORAL'
Slack : -1.000
TNS   : -28.000

Type  : Slow 1200mV 85C Model Minimum Pulse Width 'pr_state.communication'
Slack : 0.404
TNS   : 0.000

Type  : Slow 1200mV 85C Model Minimum Pulse Width 'MorseCode:RxTx|pr_state.comm_request'
Slack : 0.417
TNS   : 0.000

Type  : Slow 1200mV 85C Model Minimum Pulse Width 'MorseCode:RxTx|pr_state.transmiting'
Slack : 0.439
TNS   : 0.000

Type  : Slow 1200mV 0C Model Setup 'clk'
Slack : -12.685
TNS   : -6129.272

Type  : Slow 1200mV 0C Model Setup 'VGA:vga|FQDIVIDER:fq1|TEMPORAL'
Slack : -3.065
TNS   : -56.190

Type  : Slow 1200mV 0C Model Setup 'pr_state.communication'
Slack : -2.563
TNS   : -2.563

Type  : Slow 1200mV 0C Model Setup 'MorseCode:RxTx|pr_state.transmiting'
Slack : -2.386
TNS   : -2.386

Type  : Slow 1200mV 0C Model Setup 'MorseCode:RxTx|pr_state.comm_request'
Slack : -1.585
TNS   : -19.596

Type  : Slow 1200mV 0C Model Hold 'clk'
Slack : -1.411
TNS   : -1.963

Type  : Slow 1200mV 0C Model Hold 'MorseCode:RxTx|pr_state.comm_request'
Slack : -0.705
TNS   : -5.113

Type  : Slow 1200mV 0C Model Hold 'VGA:vga|FQDIVIDER:fq1|TEMPORAL'
Slack : 0.307
TNS   : 0.000

Type  : Slow 1200mV 0C Model Hold 'MorseCode:RxTx|pr_state.transmiting'
Slack : 2.238
TNS   : 0.000

Type  : Slow 1200mV 0C Model Hold 'pr_state.communication'
Slack : 2.366
TNS   : 0.000

Type  : Slow 1200mV 0C Model Recovery 'clk'
Slack : -1.552
TNS   : -93.215

Type  : Slow 1200mV 0C Model Recovery 'VGA:vga|FQDIVIDER:fq1|TEMPORAL'
Slack : -0.620
TNS   : -9.300

Type  : Slow 1200mV 0C Model Removal 'VGA:vga|FQDIVIDER:fq1|TEMPORAL'
Slack : 0.804
TNS   : 0.000

Type  : Slow 1200mV 0C Model Removal 'clk'
Slack : 1.513
TNS   : 0.000

Type  : Slow 1200mV 0C Model Minimum Pulse Width 'clk'
Slack : -3.000
TNS   : -1267.480

Type  : Slow 1200mV 0C Model Minimum Pulse Width 'VGA:vga|FQDIVIDER:fq1|TEMPORAL'
Slack : -1.000
TNS   : -28.000

Type  : Slow 1200mV 0C Model Minimum Pulse Width 'MorseCode:RxTx|pr_state.comm_request'
Slack : 0.384
TNS   : 0.000

Type  : Slow 1200mV 0C Model Minimum Pulse Width 'pr_state.communication'
Slack : 0.417
TNS   : 0.000

Type  : Slow 1200mV 0C Model Minimum Pulse Width 'MorseCode:RxTx|pr_state.transmiting'
Slack : 0.468
TNS   : 0.000

Type  : Fast 1200mV 0C Model Setup 'clk'
Slack : -7.815
TNS   : -3503.607

Type  : Fast 1200mV 0C Model Setup 'VGA:vga|FQDIVIDER:fq1|TEMPORAL'
Slack : -1.536
TNS   : -24.849

Type  : Fast 1200mV 0C Model Setup 'pr_state.communication'
Slack : -1.243
TNS   : -1.243

Type  : Fast 1200mV 0C Model Setup 'MorseCode:RxTx|pr_state.transmiting'
Slack : -1.151
TNS   : -1.151

Type  : Fast 1200mV 0C Model Setup 'MorseCode:RxTx|pr_state.comm_request'
Slack : -0.541
TNS   : -2.775

Type  : Fast 1200mV 0C Model Hold 'clk'
Slack : -0.946
TNS   : -5.352

Type  : Fast 1200mV 0C Model Hold 'MorseCode:RxTx|pr_state.comm_request'
Slack : -0.653
TNS   : -5.416

Type  : Fast 1200mV 0C Model Hold 'VGA:vga|FQDIVIDER:fq1|TEMPORAL'
Slack : 0.186
TNS   : 0.000

Type  : Fast 1200mV 0C Model Hold 'MorseCode:RxTx|pr_state.transmiting'
Slack : 1.414
TNS   : 0.000

Type  : Fast 1200mV 0C Model Hold 'pr_state.communication'
Slack : 1.458
TNS   : 0.000

Type  : Fast 1200mV 0C Model Recovery 'clk'
Slack : -0.715
TNS   : -39.124

Type  : Fast 1200mV 0C Model Recovery 'VGA:vga|FQDIVIDER:fq1|TEMPORAL'
Slack : -0.031
TNS   : -0.264

Type  : Fast 1200mV 0C Model Removal 'VGA:vga|FQDIVIDER:fq1|TEMPORAL'
Slack : 0.462
TNS   : 0.000

Type  : Fast 1200mV 0C Model Removal 'clk'
Slack : 0.811
TNS   : 0.000

Type  : Fast 1200mV 0C Model Minimum Pulse Width 'clk'
Slack : -3.000
TNS   : -1317.559

Type  : Fast 1200mV 0C Model Minimum Pulse Width 'VGA:vga|FQDIVIDER:fq1|TEMPORAL'
Slack : -1.000
TNS   : -28.000

Type  : Fast 1200mV 0C Model Minimum Pulse Width 'MorseCode:RxTx|pr_state.comm_request'
Slack : 0.421
TNS   : 0.000

Type  : Fast 1200mV 0C Model Minimum Pulse Width 'pr_state.communication'
Slack : 0.436
TNS   : 0.000

Type  : Fast 1200mV 0C Model Minimum Pulse Width 'MorseCode:RxTx|pr_state.transmiting'
Slack : 0.438
TNS   : 0.000

------------------------------------------------------------
